[db] db.ts loaded from: file:///D:/Xavinex/William/william%20fixed/william/src/lib/db.ts
[db] Using PrismaMariaDb adapter (matching seed.ts implementation)
≡ƒº¬ Testing Dual Extraction...
≡ƒôº Found message: cmlt2sond008n38uhov88sjwm
   Subject: 1099 payroll
   Body Preview: Good morning,

My wife noticed that paycheck did...

≡ƒÜÇ Running extractFromBody...
Γ£à Extraction successful!
   Confidence: 0.22
Γ£à found 'sharepoint_mapping':
{
  "StaffedName": null,
  "StaffedDate": null,
  "Location": null,
  "CustomerCompany": null,
  "Mandate": null,
  "ProgramID": null,
  "ServiceType": null,
  "Language": null,
  "ChildName": null,
  "DateOfBirth": null,
  "CaregiverName": null,
  "CaregiverPhone": null
}
Γ£à found 'extracted' (Rich Data keys): [
  'document_type',
  'subject',
  'sentiment_or_intent',
  'message',
  'people_mentioned',
  'employment_or_payroll_details',
  'healthcare_related_data',
  'dates'
]
