[db] db.ts loaded from: file:///D:/Xavinex/William/william%20fixed/william/src/lib/db.ts
[db] Using PrismaMariaDb adapter (matching seed.ts implementation)
≡ƒÜÇ Script loaded. DB imported.
≡ƒº¬ Starting Dual Extraction & Body Parsing Test...
Importing ExtractionService...
Γ£à Imported ExtractionService.
Importing SharePointService...
Γ£à Imported SharePointService.
≡ƒôî Using Inbox: americare@therapydepotonline.com
node.exe : Γ¥î Fatal 
Error: PrismaClientVa
lidationError: 
At C:\Program Files\n
odejs\npx.ps1:29 
char:3
+   & $NODE_EXE 
$NPX_CLI_JS $args
+   ~~~~~~~~~~~~~~~~~
~~~~~~~~~~~~
    + CategoryInfo   
           : NotSpe  
  cified: (Γ¥î Fat   
 al Error...lidat    
ionError: :Strin    
g) [], RemoteExc    
eption
    + FullyQualified 
   ErrorId : Native  
  CommandError
 
Invalid `prisma.threa
d.create()` 
invocation in
D:\Xavinex\William\wi
lliam fixed\william\s
cripts\test-dual-extr
action.ts:44:40

  41     
threadData.ownerId = 
owner.id;
  42 }
  43 
ΓåÆ 44 const thread 
= await prisma.thread
.create({
       data: {
         id: "TEST-TH
READ-1771488224074",
         subject: 
"Referral for John 
Doe - Body Text 
Only",
         department: 
"STAFFING",
         stage: 
"STAFFED",
         inboxId: "cm
lpgek070002sguh5polyj
kt",
         
apiProvider: 
"outlook",
         
providerThreadId: 
"prov-1771488224178",
         ownerId: "cm
lpgejyw0000sguhossv2q
7y",
     +   
graphConversationId: 
String
       }
     })

Argument `graphConver
sationId` is missing.
    at throwValidatio
nException (D:\Xavine
x\William\william fix
ed\william\node_modul
es\@prisma\client\src
\runtime\core\errorRe
ndering\throwValidati
onException.ts:46:9)
    at qr.handleReque
stError (D:\Xavinex\W
illiam\william fixed\
william\node_modules\
@prisma\client\src\ru
ntime\RequestHandler.
ts:202:7)
    at qr.handleAndLo
gRequestError (D:\Xav
inex\William\william 
fixed\william\node_mo
dules\@prisma\client\
src\runtime\RequestHa
ndler.ts:174:12)
    at qr.request (D:
\Xavinex\William\will
iam fixed\william\nod
e_modules\@prisma\cli
ent\src\runtime\Reque
stHandler.ts:143:12)
    at process.proces
sTicksAndRejections (
node:internal/process
/task_queues:105:5)
    at async a (D:\Xa
vinex\William\william
 fixed\william\node_m
odules\@prisma\client
\src\runtime\getPrism
aClient.ts:805:24)
    at async main (D:
\Xavinex\William\will
iam fixed\william\scr
ipts\test-dual-extrac
tion.ts:44:20) {
  clientVersion: 
'7.2.0'
}
